<testsuites name="results">
  <testsuite name="all" package="all">
    <property name="random_seed" value="1673394109" />
    <testcase name="test_vga" classname="test.test_vga" file="/home/zerotoasic/asic_tools/snow-globe/test/test_vga.py" lineno="5" time="0.001331329345703125" sim_time_ns="90000.001" ratio_time="67601605.33565617" />
  </testsuite>
</testsuites>
